
Running 41 tests using 1 worker

  ok  1 [chromium] › specs\evidence.spec.ts:12:3 › 证据采集 › 总览页：进度环空态 + 10 步准备清单 (719ms)
  ok  2 [chromium] › specs\evidence.spec.ts:18:3 › 证据采集 › 对话页：stream_chunk 增量气泡与来源标注 (754ms)
  ok  3 [chromium] › specs\evidence.spec.ts:26:3 › 证据采集 › 消息页：6 个开关（4 可写 + 2 只读置灰）与触发条件表 (729ms)
  ok  4 [chromium] › specs\evidence.spec.ts:37:3 › 证据采集 › 审批中心：数据源标注 + 审批表 (764ms)
  ok  5 [chromium] › specs\evidence.spec.ts:43:3 › 证据采集 › 成本面板：三级预算 + 用量总览 + 按日表 (763ms)
  ok  6 [chromium] › specs\evidence.spec.ts:49:3 › 证据采集 › 侧栏：冻结 7 项 + 追加 2 项治理入口 (636ms)
  ok  7 [chromium] › specs\evidence.spec.ts:55:3 › 证据采集 › 模型页：api_key 掩码回显（零明文） (766ms)
  ok  8 [chromium] › specs\governance.spec.ts:27:3 › 9.5 审批中心 › 数据源如实标注：404 时必须显示「后端未就绪」而非伪装已对接 (786ms)
  ok  9 [chromium] › specs\governance.spec.ts:49:3 › 9.5 审批中心 › 审批通过：状态由待审批变为已通过，统计联动 (791ms)
  ok 10 [chromium] › specs\governance.spec.ts:82:3 › 9.5 审批中心 › 状态筛选可用：待审批筛选下每一行都是待审批 (844ms)
  ok 11 [chromium] › specs\governance.spec.ts:102:3 › 9.5 成本面板 › 三级预算卡片：剩余 = 限值 - 已用，百分比数学自洽 (872ms)
  ok 12 [chromium] › specs\governance.spec.ts:125:3 › 9.5 成本面板 › 用量总览等于按日用量之和（同口径聚合） (699ms)
  ok 13 [chromium] › specs\governance.spec.ts:153:3 › 9.5 成本面板 › 超限/预警级别有明确视觉标注，且不出现 undefined (674ms)
  ok 14 [chromium] › specs\reconnect.spec.ts:13:3 › 9.2 断网注入 · 重连与增量补拉 › 断网后连接态离开已连接，恢复后自动回到 WebSocket 已连接 (652ms)
  ok 15 [chromium] › specs\reconnect.spec.ts:32:3 › 9.2 断网注入 · 重连与增量补拉 › 持续断网触发轮询降级；恢复后增量补拉（since>0）真实发生 (1.6s)
  ok 16 [chromium] › specs\reconnect.spec.ts:64:3 › 9.2 断网注入 · 重连与增量补拉 › 断网期间的对话历史在恢复后不丢失（不截断） (4.8s)
  ok 17 [chromium] › specs\refresh.spec.ts:27:3 › 9.3 跨刷新持久化 › 刷新后会话保持：不回落锁屏，且停留在原路由 (807ms)
  ok 18 [chromium] › specs\refresh.spec.ts:41:3 › 9.3 跨刷新持久化 › 面板宽度按 localStorage 持久值恢复 (597ms)
  ok 19 [chromium] › specs\refresh.spec.ts:59:3 › 9.3 跨刷新持久化 › 调度模式为服务端状态：刷新后由服务端值水合（用例结束复原） (705ms)
  ok 20 [chromium] › specs\refresh.spec.ts:82:3 › 9.3 跨刷新持久化 › 可写开关为服务端状态：保存后刷新仍生效（并绕过 UI 直查接口核对） (994ms)
  ok 21 [chromium] › specs\refresh.spec.ts:108:3 › 9.3 跨刷新持久化 › 只读开关取后端真实值：与 /api/notify/triggers 一致且不可写 (629ms)
  ok 22 [chromium] › specs\refresh.spec.ts:132:3 › 9.3 跨刷新持久化 › 零本地存储中继：操作开关后不产生任何 notify 相关 localStorage 键 (817ms)
  ok 23 [chromium] › specs\smoke.spec.ts:10:3 › 门禁与外壳 › 未解锁时显示锁屏，解锁后进入控制台外壳 (598ms)
  ok 24 [chromium] › specs\smoke.spec.ts:22:3 › 门禁与外壳 › 侧栏前 7 项冻结顺序不变，治理页仅追加在末尾 (547ms)
  ok 25 [chromium] › specs\smoke.spec.ts:39:5 › 七页回归 › 总览 页可深链直达且标题正确 (612ms)
  ok 26 [chromium] › specs\smoke.spec.ts:39:5 › 七页回归 › 对话 页可深链直达且标题正确 (629ms)
  ok 27 [chromium] › specs\smoke.spec.ts:39:5 › 七页回归 › 模型 页可深链直达且标题正确 (709ms)
  ok 28 [chromium] › specs\smoke.spec.ts:39:5 › 七页回归 › 角色 页可深链直达且标题正确 (684ms)
  ok 29 [chromium] › specs\smoke.spec.ts:39:5 › 七页回归 › 执行体 页可深链直达且标题正确 (606ms)
  ok 30 [chromium] › specs\smoke.spec.ts:39:5 › 七页回归 › 拓展 页可深链直达且标题正确 (669ms)
  ok 31 [chromium] › specs\smoke.spec.ts:39:5 › 七页回归 › 消息 页可深链直达且标题正确 (716ms)
  ok 32 [chromium] › specs\smoke.spec.ts:50:5 › 治理页回归（UI-03R 追加页） › 审批中心 页可深链直达且标题正确 (614ms)
  ok 33 [chromium] › specs\smoke.spec.ts:50:5 › 治理页回归（UI-03R 追加页） › 成本面板 页可深链直达且标题正确 (694ms)
  ok 34 [chromium] › specs\smoke.spec.ts:59:3 › 治理页回归（UI-03R 追加页） › 审批中心：表格或空态二选一渲染，且不出现未定义字样 (633ms)
  ok 35 [chromium] › specs\smoke.spec.ts:67:3 › 治理页回归（UI-03R 追加页） › 成本面板：三级预算与用量总览渲染，进度百分比在 0–100 区间 (748ms)
  ok 36 [chromium] › specs\smoke.spec.ts:86:3 › UI-02 四项缺陷回归 › #1 顶栏右侧顺序为 锁定 → 设置，且无底部信息栏 (578ms)
  ok 37 [chromium] › specs\smoke.spec.ts:101:3 › UI-02 四项缺陷回归 › #2 进度环在未执行时显示空态「项目尚未开始执行」 (1.1s)
  ok 38 [chromium] › specs\smoke.spec.ts:115:3 › UI-02 四项缺陷回归 › #4 侧栏与右轨均可折叠（三态解耦：折叠不改写用户拖拽宽度） (1.3s)
  ok 39 [chromium] › specs\stream.spec.ts:22:3 › 9.6 stream_chunk 增量渲染 › 注入增量帧：实时气泡逐帧累积文本，并如实标注来源与帧数 (722ms)
  ok 40 [chromium] › specs\stream.spec.ts:39:3 › 9.6 stream_chunk 增量渲染 › done=false 时持续累积且保持活动态；done=true 后停止活动态但保留文本 (882ms)
  ok 41 [chromium] › specs\stream.spec.ts:60:3 › 9.6 stream_chunk 增量渲染 › chat_reply 落库后清空增量缓冲，避免与历史气泡重复 (2.7s)

  41 passed (39.3s)
